\BOOKMARK [1][-]{section.1}{\376\377\000I\000n\000t\000r\000o\000d\000u\000z\000i\000o\000n\000e}{}% 1
\BOOKMARK [2][-]{subsection.1.1}{\376\377\000R\000i\000f\000e\000r\000i\000m\000e\000n\000t\000i}{section.1}% 2
\BOOKMARK [3][-]{subsubsection.1.1.1}{\376\377\000N\000o\000r\000m\000a\000t\000i\000v\000i}{subsection.1.1}% 3
\BOOKMARK [3][-]{subsubsection.1.1.2}{\376\377\000I\000n\000f\000o\000r\000m\000a\000t\000i\000v\000i}{subsection.1.1}% 4
\BOOKMARK [1][-]{section.2}{\376\377\000O\000b\000i\000e\000t\000t\000i\000v\000i\000\040\000d\000i\000\040\000q\000u\000a\000l\000i\000t\000\340}{}% 5
\BOOKMARK [2][-]{subsection.2.1}{\376\377\000Q\000u\000a\000l\000i\000t\000\340\000\040\000d\000i\000\040\000p\000r\000o\000c\000e\000s\000s\000o}{section.2}% 6
\BOOKMARK [2][-]{subsection.2.2}{\376\377\000Q\000u\000a\000l\000i\000t\000\340\000\040\000d\000i\000\040\000p\000r\000o\000d\000o\000t\000t\000o}{section.2}% 7
\BOOKMARK [3][-]{subsubsection.2.2.1}{\376\377\000C\000a\000r\000a\000t\000t\000e\000r\000i\000s\000t\000i\000c\000h\000e\000\040\000d\000i\000\040\000p\000r\000o\000d\000o\000t\000t\000o}{subsection.2.2}% 8
\BOOKMARK [2][-]{subsection.2.3}{\376\377\000M\000e\000t\000r\000i\000c\000h\000e\000\040\000p\000e\000r\000\040\000p\000r\000o\000c\000e\000s\000s\000o}{section.2}% 9
\BOOKMARK [3][-]{subsubsection.2.3.1}{\376\377\000P\000r\000o\000c\000e\000s\000s\000i\000\040\000p\000r\000i\000m\000a\000r\000i}{subsection.2.3}% 10
\BOOKMARK [4][-]{paragraph.2.3.1.1}{\376\377\000F\000o\000r\000n\000i\000t\000u\000r\000a}{subsubsection.2.3.1}% 11
\BOOKMARK [4][-]{paragraph.2.3.1.2}{\376\377\000S\000v\000i\000l\000u\000p\000p\000o}{subsubsection.2.3.1}% 12
\BOOKMARK [3][-]{subsubsection.2.3.2}{\376\377\000P\000r\000o\000c\000e\000s\000s\000i\000\040\000d\000i\000\040\000s\000u\000p\000p\000o\000r\000t\000o}{subsection.2.3}% 13
\BOOKMARK [4][-]{paragraph.2.3.2.1}{\376\377\000V\000e\000r\000i\000f\000i\000c\000a}{subsubsection.2.3.2}% 14
\BOOKMARK [4][-]{paragraph.2.3.2.2}{\376\377\000D\000o\000c\000u\000m\000e\000n\000t\000a\000z\000i\000o\000n\000e}{subsubsection.2.3.2}% 15
\BOOKMARK [4][-]{paragraph.2.3.2.3}{\376\377\000A\000c\000c\000e\000r\000t\000a\000m\000e\000n\000t\000o\000\040\000d\000e\000l\000l\000a\000\040\000Q\000u\000a\000l\000i\000t\000\340}{subsubsection.2.3.2}% 16
\BOOKMARK [3][-]{subsubsection.2.3.3}{\376\377\000P\000r\000o\000c\000e\000s\000s\000i\000\040\000O\000r\000g\000a\000n\000i\000z\000z\000a\000t\000i\000v\000i}{subsection.2.3}% 17
\BOOKMARK [4][-]{paragraph.2.3.3.1}{\376\377\000G\000e\000s\000t\000i\000o\000n\000e\000\040\000d\000e\000i\000\040\000R\000i\000s\000c\000h\000i}{subsubsection.2.3.3}% 18
\BOOKMARK [1][-]{section.3}{\376\377\000C\000r\000u\000s\000c\000o\000t\000t\000o\000\040\000d\000i\000\040\000v\000a\000l\000u\000t\000a\000z\000i\000o\000n\000e\000\040\000d\000e\000l\000l\000a\000\040\000q\000u\000a\000l\000i\000t\000\340}{}% 19
\BOOKMARK [2][-]{subsection.3.1}{\376\377\000M\000.\000P\000C\000.\000P\000V\000\040\000-\000\040\000P\000l\000a\000n\000n\000e\000d\000\040\000V\000a\000l\000u\000e\000\040\000e\000\040\000M\000.\000P\000C\000.\000E\000V\000\040\000-\000\040\000E\000a\000r\000n\000e\000d\000\040\000V\000a\000l\000u\000e}{section.3}% 20
\BOOKMARK [3][-]{subsubsection.3.1.1}{\376\377\000R\000T\000B}{subsection.3.1}% 21
\BOOKMARK [2][-]{subsection.3.2}{\376\377\000M\000.\000P\000C\000.\000A\000C\000\040\000-\000\040\000A\000c\000t\000u\000a\000l\000\040\000C\000o\000s\000t}{section.3}% 22
\BOOKMARK [3][-]{subsubsection.3.2.1}{\376\377\000R\000T\000B}{subsection.3.2}% 23
\BOOKMARK [2][-]{subsection.3.3}{\376\377\000M\000.\000P\000C\000.\000S\000V\000\040\000-\000\040\000S\000c\000h\000e\000d\000u\000l\000e\000\040\000V\000a\000r\000i\000a\000n\000c\000e\000\040\000e\000\040\000M\000.\000P\000C\000.\000C\000V\000\040\000-\000\040\000C\000o\000s\000t\000\040\000V\000a\000r\000i\000a\000n\000c\000e}{section.3}% 24
\BOOKMARK [3][-]{subsubsection.3.3.1}{\376\377\000R\000T\000B}{subsection.3.3}% 25
\BOOKMARK [2][-]{subsection.3.4}{\376\377\000M\000.\000P\000C\000.\000E\000A\000C\000\040\000-\000\040\000E\000s\000t\000i\000m\000a\000t\000e\000d\000\040\000a\000t\000\040\000C\000o\000m\000p\000l\000e\000t\000i\000o\000n}{section.3}% 26
\BOOKMARK [3][-]{subsubsection.3.4.1}{\376\377\000R\000T\000B}{subsection.3.4}% 27
\BOOKMARK [3][-]{subsubsection.3.4.2}{\376\377\000R\000T\000B}{subsection.3.4}% 28
\BOOKMARK [2][-]{subsection.3.5}{\376\377\000M\000.\000P\000C\000.\000C\000O\000\040\000-\000\040\000C\000o\000r\000r\000e\000t\000t\000e\000z\000z\000a\000\040\000o\000r\000t\000o\000g\000r\000a\000f\000i\000c\000a}{section.3}% 29
\BOOKMARK [3][-]{subsubsection.3.5.1}{\376\377\000R\000T\000B}{subsection.3.5}% 30
\BOOKMARK [2][-]{subsection.3.6}{\376\377\000M\000.\000P\000C\000.\000M\000S\000\040\000-\000\040\000M\000e\000t\000r\000i\000c\000h\000e\000\040\000S\000o\000d\000d\000i\000s\000f\000a\000t\000t\000e}{section.3}% 31
\BOOKMARK [3][-]{subsubsection.3.6.1}{\376\377\000R\000T\000B}{subsection.3.6}% 32
\BOOKMARK [1][-]{section.4}{\376\377\000V\000e\000r\000i\000f\000i\000c\000a}{}% 33
\BOOKMARK [2][-]{subsection.4.1}{\376\377\000T\000e\000s\000t\000\040\000d\000i\000\040\000s\000i\000s\000t\000e\000m\000a}{section.4}% 34
