This is pdfTeX, Version 3.141592653-2.6-1.40.26 (MiKTeX 24.4) (preloaded format=pdflatex 2025.2.10)  27 MAR 2025 20:41
entering extended mode
 restricted \write18 enabled.
 file:line:error style messages enabled.
 %&-line parsing enabled.
**"d:/cartelle/UNIVERSITA'/ingegneria del software/progetto/SorgentiDocumentazione/PB/DocumentiInterni/NormeDiProgetto/NormeProgetto-v1_3.tex"
(d:/cartelle/UNIVERSITA'/ingegneria del software/progetto/SorgentiDocumentazione/PB/DocumentiInterni/NormeDiProgetto/NormeProgetto-v1_3.tex
LaTeX2e <2024-11-01> patch level 2
L3 programming layer <2025-01-18>
(C:\Users\Eghosa02\AppData\Local\Programs\MiKTeX\tex/latex/base\article.cls
Document Class: article 2024/06/29 v1.4n Standard LaTeX document class
(C:\Users\Eghosa02\AppData\Local\Programs\MiKTeX\tex/latex/base\size12.clo
File: size12.clo 2024/06/29 v1.4n Standard LaTeX file (size option)
)
\c@part=\count196
\c@section=\count197
\c@subsection=\count198
\c@subsubsection=\count199
\c@paragraph=\count266
\c@subparagraph=\count267
\c@figure=\count268
\c@table=\count269
\abovecaptionskip=\skip49
\belowcaptionskip=\skip50
\bibindent=\dimen141
)

! LaTeX Error: File `custom.sty' not found.

Type X to quit or <RETURN> to proceed,
or enter new name. (Default extension: sty)

Enter file name: 
d:/cartelle/UNIVERSITA'/ingegneria del software/progetto/SorgentiDocumentazione/PB/DocumentiInterni/NormeDiProgetto/NormeProgetto-v1_3.tex:4: Emergency stop.
<read *> 
         
l.4 ^^M
       
*** (cannot \read from terminal in nonstop modes)

 
Here is how much of TeX's memory you used:
 240 strings out of 473530
 3454 string characters out of 5713342
 391471 words of memory out of 5000000
 23556 multiletter control sequences out of 15000+600000
 559135 words of font info for 37 fonts, out of 8000000 for 9000
 1141 hyphenation exceptions out of 8191
 35i,0n,38p,253b,36s stack positions out of 10000i,1000n,20000p,200000b,200000s
d:/cartelle/UNIVERSITA'/ingegneria del software/progetto/SorgentiDocumentazione/PB/DocumentiInterni/NormeDiProgetto/NormeProgetto-v1_3.tex:4:  ==> Fatal error occurred, no output PDF file produced!
