\BOOKMARK [1][-]{section.1}{\376\377\000P\000r\000o\000c\000e\000s\000s\000i\000\040\000p\000r\000i\000m\000a\000r\000i}{}% 1
\BOOKMARK [2][-]{subsection.1.1}{\376\377\000P\000r\000o\000c\000e\000s\000s\000o\000\040\000d\000i\000\040\000f\000o\000r\000n\000i\000t\000u\000r\000a}{section.1}% 2
\BOOKMARK [2][-]{subsection.1.2}{\376\377\000S\000e\000l\000e\000z\000i\000o\000n\000e\000\040\000d\000e\000l\000\040\000c\000a\000p\000i\000t\000o\000l\000a\000t\000o}{section.1}% 3
\BOOKMARK [2][-]{subsection.1.3}{\376\377\000C\000a\000n\000d\000i\000d\000a\000t\000u\000r\000a}{section.1}% 4
\BOOKMARK [3][-]{subsubsection.1.3.1}{\376\377\000P\000i\000a\000n\000i\000f\000i\000c\000a\000z\000i\000o\000n\000e}{subsection.1.3}% 5
\BOOKMARK [3][-]{subsubsection.1.3.2}{\376\377\000E\000s\000e\000c\000u\000z\000i\000o\000n\000e\000\040\000e\000\040\000c\000o\000n\000t\000r\000o\000l\000l\000o}{subsection.1.3}% 6
\BOOKMARK [3][-]{subsubsection.1.3.3}{\376\377\000R\000e\000v\000i\000s\000i\000o\000n\000e\000\040\000e\000\040\000v\000a\000l\000u\000t\000a\000z\000i\000o\000n\000e}{subsection.1.3}% 7
\BOOKMARK [3][-]{subsubsection.1.3.4}{\376\377\000C\000o\000n\000s\000e\000g\000n\000a\000\040\000e\000\040\000c\000o\000m\000p\000l\000e\000t\000a\000m\000e\000n\000t\000o}{subsection.1.3}% 8
\BOOKMARK [3][-]{subsubsection.1.3.5}{\376\377\000C\000o\000n\000t\000a\000t\000t\000i\000\040\000c\000o\000n\000\040\000l\000a\000\040\000P\000r\000o\000p\000o\000n\000e\000n\000t\000e\000\040\000d\000e\000l\000l\040\031\000a\000z\000i\000e\000n\000d\000a}{subsection.1.3}% 9
\BOOKMARK [3][-]{subsubsection.1.3.6}{\376\377\000D\000o\000c\000u\000m\000e\000n\000t\000a\000z\000i\000o\000n\000e\000\040\000f\000o\000r\000n\000i\000t\000a}{subsection.1.3}% 10
\BOOKMARK [4][-]{paragraph.1.3.6.1}{\376\377\000P\000i\000a\000n\000o\000\040\000d\000i\000\040\000p\000r\000o\000g\000e\000t\000t\000o}{subsubsection.1.3.6}% 11
\BOOKMARK [4][-]{paragraph.1.3.6.2}{\376\377\000A\000n\000a\000l\000i\000s\000i\000\040\000d\000e\000i\000\040\000r\000e\000q\000u\000i\000s\000i\000t\000i}{subsubsection.1.3.6}% 12
\BOOKMARK [4][-]{paragraph.1.3.6.3}{\376\377\000P\000i\000a\000n\000o\000\040\000d\000i\000\040\000Q\000u\000a\000l\000i\000f\000i\000c\000a}{subsubsection.1.3.6}% 13
\BOOKMARK [4][-]{paragraph.1.3.6.4}{\376\377\000G\000l\000o\000s\000s\000a\000r\000i\000o}{subsubsection.1.3.6}% 14
\BOOKMARK [4][-]{paragraph.1.3.6.5}{\376\377\000L\000e\000t\000t\000e\000r\000a\000\040\000d\000i\000\040\000p\000r\000e\000s\000e\000n\000t\000a\000z\000i\000o\000n\000e}{subsubsection.1.3.6}% 15
\BOOKMARK [4][-]{paragraph.1.3.6.6}{\376\377\000S\000p\000e\000c\000i\000f\000i\000c\000a\000\040\000T\000e\000c\000n\000i\000c\000a}{subsubsection.1.3.6}% 16
\BOOKMARK [4][-]{paragraph.1.3.6.7}{\376\377\000M\000a\000n\000u\000a\000l\000e\000\040\000U\000t\000e\000n\000t\000e}{subsubsection.1.3.6}% 17
\BOOKMARK [3][-]{subsubsection.1.3.7}{\376\377\000S\000t\000r\000u\000m\000e\000n\000t\000i}{subsection.1.3}% 18
\BOOKMARK [2][-]{subsection.1.4}{\376\377\000P\000r\000o\000c\000e\000s\000s\000o\000\040\000d\000i\000\040\000s\000v\000i\000l\000u\000p\000p\000o}{section.1}% 19
\BOOKMARK [3][-]{subsubsection.1.4.1}{\376\377\000A\000n\000a\000l\000i\000s\000i\000\040\000d\000e\000i\000\040\000r\000e\000q\000u\000i\000s\000i\000t\000i}{subsection.1.4}% 20
\BOOKMARK [4][-]{paragraph.1.4.1.1}{\376\377\000R\000e\000q\000u\000i\000s\000i\000t\000i}{subsubsection.1.4.1}% 21
\BOOKMARK [4][-]{paragraph.1.4.1.2}{\376\377\000C\000a\000s\000i\000\040\000d\000'\000u\000s\000o}{subsubsection.1.4.1}% 22
\BOOKMARK [5][-]{subparagraph.1.4.1.2.1}{\376\377\000D\000e\000s\000c\000r\000i\000z\000i\000o\000n\000e}{paragraph.1.4.1.2}% 23
\BOOKMARK [5][-]{subparagraph.1.4.1.2.2}{\376\377\000D\000i\000a\000g\000r\000a\000m\000m\000i\000\040\000d\000e\000i\000\040\000c\000a\000s\000i\000\040\000d\000'\000u\000s\000o}{paragraph.1.4.1.2}% 24
\BOOKMARK [3][-]{subsubsection.1.4.2}{\376\377\000P\000r\000o\000g\000e\000t\000t\000a\000z\000i\000o\000n\000e}{subsection.1.4}% 25
\BOOKMARK [4][-]{paragraph.1.4.2.1}{\376\377\000F\000a\000s\000i\000\040\000d\000e\000l\000l\000a\000\040\000p\000r\000o\000g\000e\000t\000t\000a\000z\000i\000o\000n\000e}{subsubsection.1.4.2}% 26
\BOOKMARK [5][-]{subparagraph.1.4.2.1.1}{\376\377\000P\000r\000o\000g\000e\000t\000t\000a\000z\000i\000o\000n\000e\000\040\000l\000o\000g\000i\000c\000a}{paragraph.1.4.2.1}% 27
\BOOKMARK [5][-]{subparagraph.1.4.2.1.2}{\376\377\000I\000s\000t\000r\000u\000z\000i\000o\000n\000i\000\040\000p\000e\000r\000\040\000l\000a\000\040\000p\000r\000o\000g\000e\000t\000t\000a\000z\000i\000o\000n\000e\000\040\000l\000o\000g\000i\000c\000a\000\040\000d\000e\000l\000\040\000f\000r\000o\000n\000t\000-\000e\000n\000d}{paragraph.1.4.2.1}% 28
\BOOKMARK [5][-]{subparagraph.1.4.2.1.3}{\376\377\000I\000s\000t\000r\000u\000z\000i\000o\000n\000i\000\040\000p\000e\000r\000\040\000l\000a\000\040\000p\000r\000o\000g\000e\000t\000t\000a\000z\000i\000o\000n\000e\000\040\000l\000o\000g\000i\000c\000a\000\040\000d\000e\000l\000\040\000b\000a\000c\000k\000-\000e\000n\000d}{paragraph.1.4.2.1}% 29
\BOOKMARK [5][-]{subparagraph.1.4.2.1.4}{\376\377\000P\000r\000o\000g\000e\000t\000t\000a\000z\000i\000o\000n\000e\000\040\000d\000i\000\040\000d\000e\000t\000t\000a\000g\000l\000i\000o}{paragraph.1.4.2.1}% 30
\BOOKMARK [5][-]{subparagraph.1.4.2.1.5}{\376\377\000I\000s\000t\000r\000u\000z\000i\000o\000n\000i\000\040\000p\000e\000r\000\040\000l\000a\000\040\000p\000r\000o\000g\000e\000t\000t\000a\000z\000i\000o\000n\000e\000\040\000d\000i\000\040\000d\000e\000t\000t\000a\000g\000l\000i\000o\000\040\000d\000e\000l\000\040\000f\000r\000o\000n\000t\000-\000e\000n\000d}{paragraph.1.4.2.1}% 31
\BOOKMARK [5][-]{subparagraph.1.4.2.1.6}{\376\377\000I\000s\000t\000r\000u\000z\000i\000o\000n\000i\000\040\000p\000e\000r\000\040\000l\000a\000\040\000p\000r\000o\000g\000e\000t\000t\000a\000z\000i\000o\000n\000e\000\040\000d\000i\000\040\000d\000e\000t\000t\000a\000g\000l\000i\000o\000\040\000d\000e\000l\000\040\000b\000a\000c\000k\000-\000e\000n\000d}{paragraph.1.4.2.1}% 32
\BOOKMARK [4][-]{paragraph.1.4.2.2}{\376\377\000S\000p\000e\000c\000i\000f\000i\000c\000a\000\040\000T\000e\000c\000n\000i\000c\000a}{subsubsection.1.4.2}% 33
\BOOKMARK [4][-]{paragraph.1.4.2.3}{\376\377\000S\000t\000r\000u\000m\000e\000n\000t\000i}{subsubsection.1.4.2}% 34
\BOOKMARK [3][-]{subsubsection.1.4.3}{\376\377\000T\000e\000s\000t\000i\000n\000g\000\040\000d\000e\000l\000\040\000c\000o\000d\000i\000c\000e}{subsection.1.4}% 35
\BOOKMARK [4][-]{paragraph.1.4.3.1}{\376\377\000T\000e\000s\000t\000\040\000d\000i\000\040\000u\000n\000i\000t\000\340}{subsubsection.1.4.3}% 36
\BOOKMARK [4][-]{paragraph.1.4.3.2}{\376\377\000T\000e\000s\000t\000\040\000d\000i\000\040\000i\000n\000t\000e\000g\000r\000a\000z\000i\000o\000n\000e}{subsubsection.1.4.3}% 37
\BOOKMARK [4][-]{paragraph.1.4.3.3}{\376\377\000T\000e\000s\000t\000\040\000d\000i\000\040\000s\000i\000s\000t\000e\000m\000a}{subsubsection.1.4.3}% 38
\BOOKMARK [4][-]{paragraph.1.4.3.4}{\376\377\000N\000o\000t\000a\000z\000i\000o\000n\000e\000\040\000d\000e\000i\000\040\000t\000e\000s\000t}{subsubsection.1.4.3}% 39
\BOOKMARK [4][-]{paragraph.1.4.3.5}{\376\377\000S\000t\000a\000t\000o\000\040\000d\000e\000i\000\040\000t\000e\000s\000t}{subsubsection.1.4.3}% 40
\BOOKMARK [4][-]{paragraph.1.4.3.6}{\376\377\000L\000i\000n\000e\000e\000\040\000g\000u\000i\000d\000a\000\040\000p\000e\000r\000\040\000l\000o\000\040\000s\000v\000i\000l\000u\000p\000p\000o\000\040\000d\000e\000i\000\040\000t\000e\000s\000t}{subsubsection.1.4.3}% 41
\BOOKMARK [4][-]{paragraph.1.4.3.7}{\376\377\000S\000t\000r\000u\000m\000e\000n\000t\000i}{subsubsection.1.4.3}% 42
\BOOKMARK [1][-]{section.2}{\376\377\000P\000r\000o\000c\000e\000s\000s\000i\000\040\000d\000i\000\040\000s\000u\000p\000p\000o\000r\000t\000o}{}% 43
\BOOKMARK [2][-]{subsection.2.1}{\376\377\000D\000o\000c\000u\000m\000e\000n\000t\000a\000z\000i\000o\000n\000e}{section.2}% 44
\BOOKMARK [3][-]{subsubsection.2.1.1}{\376\377\000I\000m\000p\000l\000e\000m\000e\000n\000t\000a\000z\000i\000o\000n\000e\000\040\000d\000e\000l\000\040\000p\000r\000o\000c\000e\000s\000s\000o}{subsection.2.1}% 45
\BOOKMARK [3][-]{subsubsection.2.1.2}{\376\377\000P\000r\000o\000g\000e\000t\000t\000a\000z\000i\000o\000n\000e\000\040\000e\000\040\000s\000v\000i\000l\000u\000p\000p\000o}{subsection.2.1}% 46
\BOOKMARK [3][-]{subsubsection.2.1.3}{\376\377\000R\000i\000l\000a\000s\000c\000i\000o}{subsection.2.1}% 47
\BOOKMARK [3][-]{subsubsection.2.1.4}{\376\377\000C\000a\000t\000e\000g\000o\000r\000i\000e\000\040\000d\000i\000\040\000d\000o\000c\000u\000m\000e\000n\000t\000i}{subsection.2.1}% 48
\BOOKMARK [4][-]{paragraph.2.1.4.1}{\376\377\000D\000o\000c\000u\000m\000e\000n\000t\000i\000\040\000i\000n\000t\000e\000r\000n\000i}{subsubsection.2.1.4}% 49
\BOOKMARK [4][-]{paragraph.2.1.4.2}{\376\377\000D\000o\000c\000u\000m\000e\000n\000t\000i\000\040\000e\000s\000t\000e\000r\000n\000i}{subsubsection.2.1.4}% 50
\BOOKMARK [3][-]{subsubsection.2.1.5}{\376\377\000C\000i\000c\000l\000o\000\040\000d\000i\000\040\000v\000i\000t\000a}{subsection.2.1}% 51
\BOOKMARK [3][-]{subsubsection.2.1.6}{\376\377\000S\000t\000a\000n\000d\000a\000r\000d\000\040\000d\000i\000\040\000f\000o\000r\000m\000a\000t\000o}{subsection.2.1}% 52
\BOOKMARK [4][-]{paragraph.2.1.6.1}{\376\377\000S\000t\000a\000n\000d\000a\000r\000d\000\040\000d\000i\000\040\000s\000c\000r\000i\000t\000t\000u\000r\000a}{subsubsection.2.1.6}% 53
\BOOKMARK [4][-]{paragraph.2.1.6.2}{\376\377\000S\000t\000a\000n\000d\000a\000r\000d\000\040\000d\000i\000\040\000f\000o\000r\000m\000a}{subsubsection.2.1.6}% 54
\BOOKMARK [5][-]{subparagraph.2.1.6.2.1}{\376\377\000I\000n\000t\000e\000s\000t\000a\000z\000i\000o\000n\000e}{paragraph.2.1.6.2}% 55
\BOOKMARK [5][-]{subparagraph.2.1.6.2.2}{\376\377\000P\000r\000i\000m\000a\000\040\000p\000a\000g\000i\000n\000a}{paragraph.2.1.6.2}% 56
\BOOKMARK [5][-]{subparagraph.2.1.6.2.3}{\376\377\000S\000e\000c\000o\000n\000d\000a\000\040\000p\000a\000g\000i\000n\000a}{paragraph.2.1.6.2}% 57
\BOOKMARK [5][-]{subparagraph.2.1.6.2.4}{\376\377\000T\000e\000r\000z\000a\000\040\000p\000a\000g\000i\000n\000a}{paragraph.2.1.6.2}% 58
\BOOKMARK [3][-]{subsubsection.2.1.7}{\376\377\000P\000i\000a\000n\000o\000\040\000d\000i\000\040\000d\000o\000c\000u\000m\000e\000n\000t\000a\000z\000i\000o\000n\000e}{subsection.2.1}% 59
\BOOKMARK [4][-]{paragraph.2.1.7.1}{\376\377\000V\000e\000r\000b\000a\000l\000i\000\040\000i\000n\000t\000e\000r\000n\000i}{subsubsection.2.1.7}% 60
\BOOKMARK [5][-]{subparagraph.2.1.7.1.1}{\376\377\000S\000c\000o\000p\000o}{paragraph.2.1.7.1}% 61
\BOOKMARK [5][-]{subparagraph.2.1.7.1.2}{\376\377\000A\000u\000t\000o\000r\000e}{paragraph.2.1.7.1}% 62
\BOOKMARK [5][-]{subparagraph.2.1.7.1.3}{\376\377\000I\000n\000p\000u\000t}{paragraph.2.1.7.1}% 63
\BOOKMARK [5][-]{subparagraph.2.1.7.1.4}{\376\377\000S\000t\000r\000u\000t\000t\000u\000r\000a}{paragraph.2.1.7.1}% 64
\BOOKMARK [5][-]{subparagraph.2.1.7.1.5}{\376\377\000S\000t\000a\000n\000d\000a\000r\000d\000\040\000d\000i\000\040\000s\000c\000r\000i\000t\000t\000u\000r\000a\000\040\000s\000p\000e\000c\000i\000f\000i\000c\000i}{paragraph.2.1.7.1}% 65
\BOOKMARK [4][-]{paragraph.2.1.7.2}{\376\377\000V\000e\000r\000b\000a\000l\000i\000\040\000e\000s\000t\000e\000r\000n\000i}{subsubsection.2.1.7}% 66
\BOOKMARK [5][-]{subparagraph.2.1.7.2.1}{\376\377\000S\000c\000o\000p\000o}{paragraph.2.1.7.2}% 67
\BOOKMARK [5][-]{subparagraph.2.1.7.2.2}{\376\377\000A\000u\000t\000o\000r\000e}{paragraph.2.1.7.2}% 68
\BOOKMARK [5][-]{subparagraph.2.1.7.2.3}{\376\377\000I\000n\000p\000u\000t}{paragraph.2.1.7.2}% 69
\BOOKMARK [5][-]{subparagraph.2.1.7.2.4}{\376\377\000S\000t\000r\000u\000t\000t\000u\000r\000a}{paragraph.2.1.7.2}% 70
\BOOKMARK [5][-]{subparagraph.2.1.7.2.5}{\376\377\000S\000t\000a\000n\000d\000a\000r\000d\000\040\000d\000i\000\040\000s\000c\000r\000i\000t\000t\000u\000r\000a\000\040\000s\000p\000e\000c\000i\000f\000i\000c\000i}{paragraph.2.1.7.2}% 71
\BOOKMARK [4][-]{paragraph.2.1.7.3}{\376\377\000A\000n\000a\000l\000i\000s\000i\000\040\000d\000e\000i\000\040\000r\000e\000q\000u\000i\000s\000i\000t\000i}{subsubsection.2.1.7}% 72
\BOOKMARK [5][-]{subparagraph.2.1.7.3.1}{\376\377\000S\000c\000o\000p\000o}{paragraph.2.1.7.3}% 73
\BOOKMARK [5][-]{subparagraph.2.1.7.3.2}{\376\377\000A\000u\000t\000o\000r\000e}{paragraph.2.1.7.3}% 74
\BOOKMARK [5][-]{subparagraph.2.1.7.3.3}{\376\377\000I\000n\000p\000u\000t}{paragraph.2.1.7.3}% 75
\BOOKMARK [5][-]{subparagraph.2.1.7.3.4}{\376\377\000S\000t\000r\000u\000t\000t\000u\000r\000a}{paragraph.2.1.7.3}% 76
\BOOKMARK [4][-]{paragraph.2.1.7.4}{\376\377\000N\000o\000r\000m\000e\000\040\000d\000i\000\040\000p\000r\000o\000g\000e\000t\000t\000o}{subsubsection.2.1.7}% 77
\BOOKMARK [5][-]{subparagraph.2.1.7.4.1}{\376\377\000S\000c\000o\000p\000o}{paragraph.2.1.7.4}% 78
\BOOKMARK [5][-]{subparagraph.2.1.7.4.2}{\376\377\000A\000u\000t\000o\000r\000e}{paragraph.2.1.7.4}% 79
\BOOKMARK [5][-]{subparagraph.2.1.7.4.3}{\376\377\000I\000n\000p\000u\000t}{paragraph.2.1.7.4}% 80
\BOOKMARK [5][-]{subparagraph.2.1.7.4.4}{\376\377\000S\000t\000r\000u\000t\000t\000u\000r\000a}{paragraph.2.1.7.4}% 81
\BOOKMARK [4][-]{paragraph.2.1.7.5}{\376\377\000P\000i\000a\000n\000o\000\040\000d\000i\000\040\000p\000r\000o\000g\000e\000t\000t\000o}{subsubsection.2.1.7}% 82
\BOOKMARK [5][-]{subparagraph.2.1.7.5.1}{\376\377\000A\000u\000t\000o\000r\000e}{paragraph.2.1.7.5}% 83
\BOOKMARK [5][-]{subparagraph.2.1.7.5.2}{\376\377\000I\000n\000p\000u\000t}{paragraph.2.1.7.5}% 84
\BOOKMARK [5][-]{subparagraph.2.1.7.5.3}{\376\377\000S\000t\000r\000u\000t\000t\000u\000r\000a}{paragraph.2.1.7.5}% 85
\BOOKMARK [4][-]{paragraph.2.1.7.6}{\376\377\000G\000l\000o\000s\000s\000a\000r\000i\000o}{subsubsection.2.1.7}% 86
\BOOKMARK [5][-]{subparagraph.2.1.7.6.1}{\376\377\000S\000c\000o\000p\000o}{paragraph.2.1.7.6}% 87
\BOOKMARK [5][-]{subparagraph.2.1.7.6.2}{\376\377\000A\000u\000t\000o\000r\000e}{paragraph.2.1.7.6}% 88
\BOOKMARK [5][-]{subparagraph.2.1.7.6.3}{\376\377\000I\000n\000p\000u\000t}{paragraph.2.1.7.6}% 89
\BOOKMARK [5][-]{subparagraph.2.1.7.6.4}{\376\377\000S\000t\000r\000u\000t\000t\000u\000r\000a}{paragraph.2.1.7.6}% 90
\BOOKMARK [4][-]{paragraph.2.1.7.7}{\376\377\000S\000p\000e\000c\000i\000f\000i\000c\000a\000\040\000T\000e\000c\000n\000i\000c\000a}{subsubsection.2.1.7}% 91
\BOOKMARK [5][-]{subparagraph.2.1.7.7.1}{\376\377\000S\000c\000o\000p\000o}{paragraph.2.1.7.7}% 92
\BOOKMARK [5][-]{subparagraph.2.1.7.7.2}{\376\377\000A\000u\000t\000o\000r\000e}{paragraph.2.1.7.7}% 93
\BOOKMARK [5][-]{subparagraph.2.1.7.7.3}{\376\377\000I\000n\000p\000u\000t}{paragraph.2.1.7.7}% 94
\BOOKMARK [5][-]{subparagraph.2.1.7.7.4}{\376\377\000S\000t\000r\000u\000t\000t\000u\000r\000a}{paragraph.2.1.7.7}% 95
\BOOKMARK [4][-]{paragraph.2.1.7.8}{\376\377\000M\000a\000n\000u\000a\000l\000e\000\040\000U\000t\000e\000n\000t\000e}{subsubsection.2.1.7}% 96
\BOOKMARK [5][-]{subparagraph.2.1.7.8.1}{\376\377\000S\000c\000o\000p\000o}{paragraph.2.1.7.8}% 97
\BOOKMARK [5][-]{subparagraph.2.1.7.8.2}{\376\377\000A\000u\000t\000o\000r\000e}{paragraph.2.1.7.8}% 98
\BOOKMARK [5][-]{subparagraph.2.1.7.8.3}{\376\377\000I\000n\000p\000u\000t}{paragraph.2.1.7.8}% 99
\BOOKMARK [5][-]{subparagraph.2.1.7.8.4}{\376\377\000S\000t\000r\000u\000t\000t\000u\000r\000a}{paragraph.2.1.7.8}% 100
\BOOKMARK [3][-]{subsubsection.2.1.8}{\376\377\000S\000t\000r\000u\000m\000e\000n\000t\000i}{subsection.2.1}% 101
\BOOKMARK [2][-]{subsection.2.2}{\376\377\000G\000e\000s\000t\000i\000o\000n\000e\000\040\000d\000e\000l\000l\000a\000\040\000c\000o\000n\000f\000i\000g\000u\000r\000a\000z\000i\000o\000n\000e}{section.2}% 102
\BOOKMARK [3][-]{subsubsection.2.2.1}{\376\377\000R\000e\000p\000o\000s\000i\000t\000o\000r\000y}{subsection.2.2}% 103
\BOOKMARK [4][-]{paragraph.2.2.1.1}{\376\377\000S\000o\000r\000g\000e\000n\000t\000i\000D\000o\000c\000u\000m\000e\000n\000t\000a\000z\000i\000o\000n\000e}{subsubsection.2.2.1}% 104
\BOOKMARK [4][-]{paragraph.2.2.1.2}{\376\377\000D\000o\000c\000u\000m\000e\000n\000t\000a\000z\000i\000o\000n\000e}{subsubsection.2.2.1}% 105
\BOOKMARK [4][-]{paragraph.2.2.1.3}{\376\377\000P\000o\000C}{subsubsection.2.2.1}% 106
\BOOKMARK [3][-]{subsubsection.2.2.2}{\376\377\000S\000c\000h\000e\000m\000a\000\040\000d\000i\000\040\000v\000e\000r\000s\000i\000o\000n\000a\000m\000e\000n\000t\000o}{subsection.2.2}% 107
\BOOKMARK [3][-]{subsubsection.2.2.3}{\376\377\000S\000t\000r\000a\000t\000e\000g\000i\000a\000\040\000d\000i\000\040\000b\000r\000a\000n\000c\000h\000i\000n\000g}{subsection.2.2}% 108
\BOOKMARK [3][-]{subsubsection.2.2.4}{\376\377\000G\000e\000s\000t\000i\000o\000n\000e\000\040\000d\000e\000l\000l\000e\000\040\000r\000i\000c\000h\000i\000e\000s\000t\000e\000\040\000d\000i\000\040\000m\000o\000d\000i\000f\000i\000c\000a}{subsection.2.2}% 109
\BOOKMARK [4][-]{paragraph.2.2.4.1}{\376\377\000I\000s\000s\000u\000e}{subsubsection.2.2.4}% 110
\BOOKMARK [5][-]{subparagraph.2.2.4.1.1}{\376\377\000E\000t\000i\000c\000h\000e\000t\000t\000e}{paragraph.2.2.4.1}% 111
\BOOKMARK [5][-]{subparagraph.2.2.4.1.2}{\376\377\000S\000t\000a\000t\000o}{paragraph.2.2.4.1}% 112
\BOOKMARK [4][-]{paragraph.2.2.4.2}{\376\377\000C\000i\000c\000l\000o\000\040\000d\000i\000\040\000v\000i\000t\000a\000\040\000d\000e\000l\000l\000e\000\040\000i\000s\000s\000u\000e}{subsubsection.2.2.4}% 113
\BOOKMARK [5][-]{subparagraph.2.2.4.2.1}{\376\377\000R\000i\000c\000h\000i\000e\000s\000t\000a\000\040\000d\000i\000\040\000v\000e\000r\000i\000f\000i\000c\000a}{paragraph.2.2.4.2}% 114
\BOOKMARK [5][-]{subparagraph.2.2.4.2.2}{\376\377\000P\000r\000e\000s\000a\000\040\000i\000n\000\040\000c\000a\000r\000i\000c\000o\000\040\000d\000i\000\040\000u\000n\000a\000\040\000v\000e\000r\000i\000f\000i\000c\000a}{paragraph.2.2.4.2}% 115
\BOOKMARK [5][-]{subparagraph.2.2.4.2.3}{\376\377\000A\000c\000c\000e\000t\000t\000a\000z\000i\000o\000n\000e\000\040\000m\000o\000d\000i\000f\000i\000c\000h\000e}{paragraph.2.2.4.2}% 116
\BOOKMARK [5][-]{subparagraph.2.2.4.2.4}{\376\377\000R\000i\000f\000i\000u\000t\000o\000\040\000m\000o\000d\000i\000f\000i\000c\000h\000e}{paragraph.2.2.4.2}% 117
\BOOKMARK [4][-]{paragraph.2.2.4.3}{\376\377\000R\000e\000g\000i\000s\000t\000r\000o\000\040\000d\000e\000l\000l\000e\000\040\000m\000o\000d\000i\000f\000i\000c\000h\000e}{subsubsection.2.2.4}% 118
\BOOKMARK [3][-]{subsubsection.2.2.5}{\376\377\000R\000i\000l\000a\000s\000c\000i\000o}{subsection.2.2}% 119
\BOOKMARK [4][-]{paragraph.2.2.5.1}{\376\377\000C\000o\000m\000p\000i\000l\000a\000z\000i\000o\000n\000e\000\040\000d\000e\000i\000\040\000d\000o\000c\000u\000m\000e\000n\000t\000i\000\040\000s\000o\000r\000g\000e\000n\000t\000e}{subsubsection.2.2.5}% 120
\BOOKMARK [4][-]{paragraph.2.2.5.2}{\376\377\000D\000i\000s\000t\000r\000i\000b\000u\000z\000i\000o\000n\000e\000\040\000d\000e\000i\000\040\000d\000o\000c\000u\000m\000e\000n\000t\000i}{subsubsection.2.2.5}% 121
\BOOKMARK [3][-]{subsubsection.2.2.6}{\376\377\000S\000t\000r\000u\000m\000e\000n\000t\000i}{subsection.2.2}% 122
\BOOKMARK [2][-]{subsection.2.3}{\376\377\000A\000c\000c\000e\000r\000t\000a\000m\000e\000n\000t\000o\000\040\000d\000e\000l\000l\000a\000\040\000Q\000u\000a\000l\000i\000t\000\340}{section.2}% 123
\BOOKMARK [3][-]{subsubsection.2.3.1}{\376\377\000S\000c\000o\000p\000o}{subsection.2.3}% 124
\BOOKMARK [3][-]{subsubsection.2.3.2}{\376\377\000G\000a\000r\000a\000n\000z\000i\000a\000\040\000d\000e\000l\000l\000a\000\040\000q\000u\000a\000l\000i\000t\000\340}{subsection.2.3}% 125
\BOOKMARK [3][-]{subsubsection.2.3.3}{\376\377\000S\000t\000a\000n\000d\000a\000r\000d\000\040\000d\000i\000\040\000r\000i\000f\000e\000r\000i\000m\000e\000n\000t\000o\000\040\000p\000e\000r\000\040\000l\000a\000\040\000q\000u\000a\000l\000i\000t\000\340\000\040\000d\000i\000\040\000p\000r\000o\000d\000o\000t\000t\000o}{subsection.2.3}% 126
\BOOKMARK [3][-]{subsubsection.2.3.4}{\376\377\000N\000o\000t\000a\000z\000i\000o\000n\000e\000\040\000M\000e\000t\000r\000i\000c\000h\000e\000\040\000d\000i\000\040\000Q\000u\000a\000l\000i\000t\000\340}{subsection.2.3}% 127
\BOOKMARK [3][-]{subsubsection.2.3.5}{\376\377\000D\000i\000d\000a\000s\000c\000a\000l\000i\000a\000\040\000M\000e\000t\000r\000i\000c\000h\000e\000\040\000d\000i\000\040\000Q\000u\000a\000l\000i\000t\000\340}{subsection.2.3}% 128
\BOOKMARK [3][-]{subsubsection.2.3.6}{\376\377\000E\000l\000e\000n\000c\000o\000\040\000d\000e\000l\000l\000e\000\040\000M\000e\000t\000r\000i\000c\000h\000e\000\040\000d\000i\000\040\000Q\000u\000a\000l\000i\000t\000\340}{subsection.2.3}% 129
\BOOKMARK [4][-]{paragraph.2.3.6.1}{\376\377\000M\000e\000t\000r\000i\000c\000h\000e\000\040\000d\000i\000\040\000p\000r\000o\000c\000e\000s\000s\000o}{subsubsection.2.3.6}% 130
\BOOKMARK [4][-]{paragraph.2.3.6.2}{\376\377\000M\000e\000t\000r\000i\000c\000h\000e\000\040\000d\000i\000\040\000p\000r\000o\000d\000o\000t\000t\000o}{subsubsection.2.3.6}% 131
\BOOKMARK [3][-]{subsubsection.2.3.7}{\376\377\000S\000t\000r\000u\000m\000e\000n\000t\000i}{subsection.2.3}% 132
\BOOKMARK [2][-]{subsection.2.4}{\376\377\000P\000r\000o\000c\000e\000s\000s\000o\000\040\000d\000i\000\040\000V\000e\000r\000i\000f\000i\000c\000a}{section.2}% 133
\BOOKMARK [3][-]{subsubsection.2.4.1}{\376\377\000D\000e\000s\000c\000r\000i\000z\000i\000o\000n\000e}{subsection.2.4}% 134
\BOOKMARK [3][-]{subsubsection.2.4.2}{\376\377\000A\000n\000a\000l\000i\000s\000i\000\040\000s\000t\000a\000t\000i\000c\000a}{subsection.2.4}% 135
\BOOKMARK [4][-]{paragraph.2.4.2.1}{\376\377\000W\000a\000l\000k\000t\000h\000r\000o\000u\000g\000h}{subsubsection.2.4.2}% 136
\BOOKMARK [4][-]{paragraph.2.4.2.2}{\376\377\000V\000e\000r\000i\000f\000i\000c\000a\000\040\000d\000e\000l\000l\000a\000\040\000d\000o\000c\000u\000m\000e\000n\000t\000a\000z\000i\000o\000n\000e}{subsubsection.2.4.2}% 137
\BOOKMARK [3][-]{subsubsection.2.4.3}{\376\377\000A\000n\000a\000l\000i\000s\000i\000\040\000d\000i\000n\000a\000m\000i\000c\000a}{subsection.2.4}% 138
\BOOKMARK [3][-]{subsubsection.2.4.4}{\376\377\000S\000t\000r\000u\000m\000e\000n\000t\000i}{subsection.2.4}% 139
\BOOKMARK [2][-]{subsection.2.5}{\376\377\000V\000a\000l\000i\000d\000a\000z\000i\000o\000n\000e}{section.2}% 140
\BOOKMARK [3][-]{subsubsection.2.5.1}{\376\377\000I\000m\000p\000l\000e\000m\000e\000n\000t\000a\000z\000i\000o\000n\000e\000\040\000d\000e\000l\000l\000a\000\040\000v\000a\000l\000i\000d\000a\000z\000i\000o\000n\000e}{subsection.2.5}% 141
\BOOKMARK [3][-]{subsubsection.2.5.2}{\376\377\000T\000e\000s\000t\000\040\000d\000i\000\040\000a\000c\000c\000e\000t\000t\000a\000z\000i\000o\000n\000e}{subsection.2.5}% 142
\BOOKMARK [3][-]{subsubsection.2.5.3}{\376\377\000S\000t\000r\000u\000m\000e\000n\000t\000i}{subsection.2.5}% 143
\BOOKMARK [2][-]{subsection.2.6}{\376\377\000G\000e\000s\000t\000i\000o\000n\000e\000\040\000d\000i\000\040\000p\000r\000o\000g\000e\000t\000t\000o}{section.2}% 144
\BOOKMARK [3][-]{subsubsection.2.6.1}{\376\377\000D\000e\000s\000c\000r\000i\000z\000i\000o\000n\000e}{subsection.2.6}% 145
\BOOKMARK [3][-]{subsubsection.2.6.2}{\376\377\000P\000i\000a\000n\000i\000f\000i\000c\000a\000z\000i\000o\000n\000e}{subsection.2.6}% 146
\BOOKMARK [4][-]{paragraph.2.6.2.1}{\376\377\000S\000t\000r\000u\000m\000e\000n\000t\000i}{subsubsection.2.6.2}% 147
\BOOKMARK [3][-]{subsubsection.2.6.3}{\376\377\000E\000s\000e\000c\000u\000z\000i\000o\000n\000e\000\040\000e\000\040\000c\000o\000n\000t\000r\000o\000l\000l\000o}{subsection.2.6}% 148
\BOOKMARK [4][-]{paragraph.2.6.3.1}{\376\377\000S\000t\000r\000u\000m\000e\000n\000t\000i}{subsubsection.2.6.3}% 149
\BOOKMARK [3][-]{subsubsection.2.6.4}{\376\377\000V\000a\000l\000u\000t\000a\000z\000i\000o\000n\000e\000\040\000e\000\040\000a\000p\000p\000r\000o\000v\000a\000z\000i\000o\000n\000e}{subsection.2.6}% 150
\BOOKMARK [4][-]{paragraph.2.6.4.1}{\376\377\000S\000t\000r\000u\000m\000e\000n\000t\000i}{subsubsection.2.6.4}% 151
\BOOKMARK [3][-]{subsubsection.2.6.5}{\376\377\000R\000u\000o\000l\000i}{subsection.2.6}% 152
\BOOKMARK [4][-]{paragraph.2.6.5.1}{\376\377\000R\000e\000s\000p\000o\000n\000s\000a\000b\000i\000l\000e}{subsubsection.2.6.5}% 153
\BOOKMARK [4][-]{paragraph.2.6.5.2}{\376\377\000A\000m\000m\000i\000n\000i\000s\000t\000r\000a\000t\000o\000r\000e}{subsubsection.2.6.5}% 154
\BOOKMARK [4][-]{paragraph.2.6.5.3}{\376\377\000A\000n\000a\000l\000i\000s\000t\000a}{subsubsection.2.6.5}% 155
\BOOKMARK [4][-]{paragraph.2.6.5.4}{\376\377\000P\000r\000o\000g\000e\000t\000t\000i\000s\000t\000a}{subsubsection.2.6.5}% 156
\BOOKMARK [4][-]{paragraph.2.6.5.5}{\376\377\000P\000r\000o\000g\000r\000a\000m\000m\000a\000t\000o\000r\000e}{subsubsection.2.6.5}% 157
\BOOKMARK [4][-]{paragraph.2.6.5.6}{\376\377\000V\000e\000r\000i\000f\000i\000c\000a\000t\000o\000r\000e}{subsubsection.2.6.5}% 158
\BOOKMARK [4][-]{paragraph.2.6.5.7}{\376\377\000R\000o\000t\000a\000z\000i\000o\000n\000e\000\040\000d\000e\000i\000\040\000r\000u\000o\000l\000i}{subsubsection.2.6.5}% 159
\BOOKMARK [3][-]{subsubsection.2.6.6}{\376\377\000G\000e\000s\000t\000i\000o\000n\000e\000\040\000d\000e\000i\000\040\000r\000i\000s\000c\000h\000i}{subsection.2.6}% 160
\BOOKMARK [4][-]{paragraph.2.6.6.1}{\376\377\000N\000o\000t\000a\000z\000i\000o\000n\000e\000\040\000d\000e\000i\000\040\000r\000i\000s\000c\000h\000i}{subsubsection.2.6.6}% 161
\BOOKMARK [4][-]{paragraph.2.6.6.2}{\376\377\000D\000i\000d\000a\000s\000c\000a\000l\000i\000a\000\040\000d\000e\000i\000\040\000r\000i\000s\000c\000h\000i}{subsubsection.2.6.6}% 162
\BOOKMARK [3][-]{subsubsection.2.6.7}{\376\377\000C\000a\000n\000a\000l\000i\000\040\000d\000i\000\040\000c\000o\000m\000u\000n\000i\000c\000a\000z\000i\000o\000n\000e}{subsection.2.6}% 163
\BOOKMARK [4][-]{paragraph.2.6.7.1}{\376\377\000C\000a\000n\000a\000l\000i\000\040\000d\000i\000\040\000c\000o\000m\000u\000n\000i\000c\000a\000z\000i\000o\000n\000e\000\040\000i\000n\000t\000e\000r\000n\000i}{subsubsection.2.6.7}% 164
\BOOKMARK [4][-]{paragraph.2.6.7.2}{\376\377\000C\000a\000n\000a\000l\000i\000\040\000d\000i\000\040\000c\000o\000m\000u\000n\000i\000c\000a\000z\000i\000o\000n\000e\000\040\000e\000s\000t\000e\000r\000n\000i}{subsubsection.2.6.7}% 165
\BOOKMARK [2][-]{subsection.2.7}{\376\377\000R\000i\000s\000o\000l\000u\000z\000i\000o\000n\000e\000\040\000d\000e\000i\000\040\000p\000r\000o\000b\000l\000e\000m\000i}{section.2}% 166
\BOOKMARK [3][-]{subsubsection.2.7.1}{\376\377\000S\000c\000o\000p\000o}{subsection.2.7}% 167
\BOOKMARK [3][-]{subsubsection.2.7.2}{\376\377\000E\000s\000e\000c\000u\000z\000i\000o\000n\000e}{subsection.2.7}% 168
\BOOKMARK [3][-]{subsubsection.2.7.3}{\376\377\000H\000o\000t\000f\000i\000x\000\040\000e\000\040\000c\000o\000r\000r\000e\000z\000i\000o\000n\000i\000\040\000m\000i\000n\000i\000m\000e}{subsection.2.7}% 169
\BOOKMARK [3][-]{subsubsection.2.7.4}{\376\377\000S\000t\000r\000u\000m\000e\000n\000t\000i}{subsection.2.7}% 170
\BOOKMARK [1][-]{section.3}{\376\377\000S\000t\000r\000u\000m\000e\000n\000t\000i}{}% 171
\BOOKMARK [2][-]{subsection.3.1}{\376\377\000D\000i\000s\000c\000o\000r\000d}{section.3}% 172
\BOOKMARK [2][-]{subsection.3.2}{\376\377\000T\000e\000l\000e\000g\000r\000a\000m}{section.3}% 173
\BOOKMARK [2][-]{subsection.3.3}{\376\377\000L\000a\000t\000e\000x}{section.3}% 174
\BOOKMARK [2][-]{subsection.3.4}{\376\377\000G\000i\000t}{section.3}% 175
\BOOKMARK [2][-]{subsection.3.5}{\376\377\000G\000i\000t\000H\000u\000b}{section.3}% 176
\BOOKMARK [2][-]{subsection.3.6}{\376\377\000G\000o\000o\000g\000l\000e\000\040\000D\000o\000c\000s}{section.3}% 177
\BOOKMARK [2][-]{subsection.3.7}{\376\377\000G\000m\000a\000i\000l}{section.3}% 178
\BOOKMARK [2][-]{subsection.3.8}{\376\377\000G\000o\000o\000g\000l\000e\000\040\000S\000h\000e\000e\000t\000s}{section.3}% 179
\BOOKMARK [2][-]{subsection.3.9}{\376\377\000G\000o\000o\000g\000l\000e\000\040\000S\000l\000i\000d\000e\000s}{section.3}% 180
\BOOKMARK [2][-]{subsection.3.10}{\376\377\000S\000t\000a\000r\000U\000M\000L}{section.3}% 181
\BOOKMARK [2][-]{subsection.3.11}{\376\377\000V\000i\000s\000u\000a\000l\000\040\000S\000t\000u\000d\000i\000o\000\040\000C\000o\000d\000e}{section.3}% 182
\BOOKMARK [2][-]{subsection.3.12}{\376\377\000L\000T\000e\000X\000+}{section.3}% 183
\BOOKMARK [2][-]{subsection.3.13}{\376\377\000G\000o\000o\000g\000l\000e\000\040\000M\000e\000e\000t}{section.3}% 184
\BOOKMARK [2][-]{subsection.3.14}{\376\377\000Z\000o\000o\000m}{section.3}% 185
